// Jest Snapshot v1, https://goo.gl/fbAQLP

exports[`should render a single expense list item 1`] = `
<div>
  <h3>
    <Link
      to="/edit/1"
    >
      Gum
    </Link>
  </h3>
  <p>
    â‚¹30.00
    -
    January 1st, 1970
  </p>
</div>
`;
