// Jest Snapshot v1, https://goo.gl/fbAQLP

exports[`should render Header correctly 1`] = `
<header
  className="header"
>
  <Link
    className="header__title"
    to="/dashboard"
  >
    <h1>
      Kharcha Book
    </h1>
  </Link>
  <button
    onClick={[Function]}
  >
    Logout
  </button>
</header>
`;
